06-25 10:56:02.104  5829  5829 D WM      : executeTaskA
06-25 10:56:12.140  5829  5889 D WM      : WorkerA started
06-25 10:56:13.142  5829  5889 D WM      : taskA is succeeded !!
06-25 10:56:13.144  5829  5851 I WM-WorkerWrapper: Worker result SUCCESS for Work [ id=0563f25b-a667-409d-9e0f-5d0beea07b81, tags={ executeTaskA, example.com.workmanagertraining.WorkerA } ]


06-25 10:56:32.477  5829  5829 D WM      : executeTaskAandB
06-25 10:56:42.519  5829  5868 D WM      : WorkerA started
06-25 10:56:43.521  5829  5868 D WM      : taskA is succeeded !!
06-25 10:56:43.523  5829  5851 I WM-WorkerWrapper: Worker result SUCCESS for Work [ id=e16d552d-d0c7-4f10-a49b-f9a5a501e995, tags={ example.com.workmanagertraining.WorkerA } ]
06-25 10:56:47.521  5829  5885 D WM      : WorkerB started
06-25 10:56:49.523  5829  5885 D WM      : taskB is failed...
06-25 10:56:49.523  5829  5885 E WM      : taskB is failed...
06-25 10:56:49.524  5829  5851 I WM-WorkerWrapper: Worker result RETRY for Work [ id=85532d7b-a5b2-48fa-bda7-8630bd9b2805, tags={ example.com.workmanagertraining.WorkerB } ]
06-25 10:57:20.027  5829  5889 D WM      : WorkerB started
06-25 10:57:22.029  5829  5889 D WM      : taskB is succeeded !!
06-25 10:57:22.031  5829  5851 I WM-WorkerWrapper: Worker result SUCCESS for Work [ id=85532d7b-a5b2-48fa-bda7-8630bd9b2805, tags={ example.com.workmanagertraining.WorkerB } ]


06-25 10:35:05.826  5829  5829 D WM      : executeAllTasks
06-25 10:35:15.886  5829  5868 D WM      : WorkerA started
06-25 10:35:16.887  5829  5868 D WM      : taskA is failed...
06-25 10:35:16.887  5829  5868 E WM      : taskA is failed...
06-25 10:35:16.889  5829  5851 I WM-WorkerWrapper: Worker result RETRY for Work [ id=62ad5bfe-5298-4cea-8c8b-44583a893716, tags={ example.com.workmanagertraining.WorkerA } ]
06-25 10:35:20.884  5829  5885 D WM      : WorkerB started
06-25 10:35:22.889  5829  5885 D WM      : taskB is failed...
06-25 10:35:22.889  5829  5885 E WM      : taskB is failed...
06-25 10:35:22.891  5829  5851 I WM-WorkerWrapper: Worker result RETRY for Work [ id=5e80c8af-4071-4ef7-aee5-b7101dfa52bb, tags={ example.com.workmanagertraining.WorkerB } ]
06-25 10:35:36.904  5829  5889 D WM      : WorkerA started
06-25 10:35:37.907  5829  5889 D WM      : taskA is failed...
06-25 10:35:37.907  5829  5889 E WM      : taskA is failed...
06-25 10:35:37.909  5829  5851 I WM-WorkerWrapper: Worker result RETRY for Work [ id=62ad5bfe-5298-4cea-8c8b-44583a893716, tags={ example.com.workmanagertraining.WorkerA } ]
06-25 10:35:42.909  5829  5868 D WM      : WorkerB started
06-25 10:35:44.911  5829  5868 D WM      : taskB is succeeded !!
06-25 10:35:44.914  5829  5851 I WM-WorkerWrapper: Worker result SUCCESS for Work [ id=5e80c8af-4071-4ef7-aee5-b7101dfa52bb, tags={ example.com.workmanagertraining.WorkerB } ]
06-25 10:36:07.926  5829  5885 D WM      : WorkerA started
06-25 10:36:08.927  5829  5885 D WM      : taskA is failed...
06-25 10:36:08.927  5829  5885 E WM      : taskA is failed...
06-25 10:36:08.929  5829  5851 I WM-WorkerWrapper: Worker result RETRY for Work [ id=62ad5bfe-5298-4cea-8c8b-44583a893716, tags={ example.com.workmanagertraining.WorkerA } ]
06-25 10:37:07.934  5829  5889 D WM      : WorkerA started
06-25 10:37:08.936  5829  5889 D WM      : taskA is failed...
06-25 10:37:08.936  5829  5889 E WM      : taskA is failed...
06-25 10:37:08.938  5829  5851 I WM-WorkerWrapper: Worker result RETRY for Work [ id=62ad5bfe-5298-4cea-8c8b-44583a893716, tags={ example.com.workmanagertraining.WorkerA } ]
06-25 10:38:07.934  5829  5868 D WM      : WorkerA started
06-25 10:38:08.936  5829  5868 D WM      : taskA is failed...
06-25 10:38:08.937  5829  5868 E WM      : taskA is failed...
06-25 10:38:08.938  5829  5851 I WM-WorkerWrapper: Worker result RETRY for Work [ id=62ad5bfe-5298-4cea-8c8b-44583a893716, tags={ example.com.workmanagertraining.WorkerA } ]
06-25 10:39:08.955  5829  5885 D WM      : WorkerA started
06-25 10:39:09.957  5829  5885 D WM      : taskA is failed...
06-25 10:39:09.957  5829  5885 E WM      : taskA is failed...
06-25 10:39:09.959  5829  5851 I WM-WorkerWrapper: Worker result RETRY for Work [ id=62ad5bfe-5298-4cea-8c8b-44583a893716, tags={ example.com.workmanagertraining.WorkerA } ]
06-25 10:40:19.973  5829  5889 D WM      : WorkerA started
06-25 10:40:20.975  5829  5889 D WM      : taskA is succeeded !!
06-25 10:40:20.976  5829  5851 I WM-WorkerWrapper: Worker result SUCCESS for Work [ id=62ad5bfe-5298-4cea-8c8b-44583a893716, tags={ example.com.workmanagertraining.WorkerA } ]
06-25 10:40:20.980  5829  5851 I WM-WorkerWrapper: Setting status to enqueued for a6249201-28b7-49d9-9f02-caf32b10cc5e
06-25 10:40:31.020  5829  5868 D WM      : WorkerC started
06-25 10:40:31.020  5829  5868 D WM      : taskC is failed...
06-25 10:40:31.020  5829  5868 E WM      : taskB is failed...
06-25 10:40:31.022  5829  5851 I WM-WorkerWrapper: Worker result RETRY for Work [ id=a6249201-28b7-49d9-9f02-caf32b10cc5e, tags={ example.com.workmanagertraining.WorkerC } ]
06-25 10:40:51.036  5829  5885 D WM      : WorkerC started
06-25 10:40:51.037  5829  5885 D WM      : ようこそ Work Manager !!
06-25 10:40:51.038  5829  5851 I WM-WorkerWrapper: Worker result SUCCESS for Work [ id=a6249201-28b7-49d9-9f02-caf32b10cc5e, tags={ example.com.workmanagertraining.WorkerC } ]
